---
created: "2019-03-03T12:32:23.110499Z"
creator: insta@0.6.3
source: tests/test_basic.rs
expression: "vec![1 , 2 , 3]"
---
[
    1,
    2,
    3
]
